
There are no discarded input sections

Memory Configuration

Name             Origin             Length             Attributes
FLASH            0x08000000         0x00010000         xr
SRAM             0x20000000         0x00005000         xrw
*default*        0x00000000         0xffffffff

Linker script and memory map

LOAD source/main.o
LOAD source/GPIO_drivers.o
LOAD source/stm32f103_startup.o
                0x20005000                        _estack = (ORIGIN (SRAM) + LENGTH (SRAM))

.isr_vector     0x08000000      0x10c
                0x08000000                        . = ALIGN (0x4)
 *(.isr_vector)
 .isr_vector    0x08000000      0x10c source/stm32f103_startup.o
                0x08000000                vectors
                0x0800010c                        . = ALIGN (0x4)

.text           0x0800010c      0x2b0
                0x0800010c                        . = ALIGN (0x4)
 *(.text)
 .text          0x0800010c       0x88 source/main.o
                0x0800010c                delay
                0x0800012c                main
 .text          0x08000194      0x1c4 source/GPIO_drivers.o
                0x08000194                GPIO_EnableClock
                0x080001c0                GPIO_Init
                0x080002a2                GPIO_WritePin
                0x080002e2                GPIO_TogglePin
                0x0800032a                GPIO_ReadPin
 .text          0x08000358       0x64 source/stm32f103_startup.o
                0x08000358                Reset_Handler
                0x080003b4                EXTI2_IRQHandler
                0x080003b4                DebugMon_Handler
                0x080003b4                TIM1_CC_IRQHandler
                0x080003b4                HardFault_Handler
                0x080003b4                SysTick_Handler
                0x080003b4                PVD_IRQHandler
                0x080003b4                PendSV_Handler
                0x080003b4                NMI_Handler
                0x080003b4                BootRAM
                0x080003b4                EXTI3_IRQHandler
                0x080003b4                EXTI0_IRQHandler
                0x080003b4                I2C2_EV_IRQHandler
                0x080003b4                UsageFault_Handler
                0x080003b4                ADC1_2_IRQHandler
                0x080003b4                SPI1_IRQHandler
                0x080003b4                TAMPER_IRQHandler
                0x080003b4                DMA1_Channel4_IRQHandler
                0x080003b4                USART3_IRQHandler
                0x080003b4                RTC_IRQHandler
                0x080003b4                DMA1_Channel7_IRQHandler
                0x080003b4                RTC_Alarm_IRQHandler
                0x080003b4                CAN1_RX1_IRQHandler
                0x080003b4                TIM4_IRQHandler
                0x080003b4                I2C1_EV_IRQHandler
                0x080003b4                DMA1_Channel6_IRQHandler
                0x080003b4                TIM3_IRQHandler
                0x080003b4                RCC_IRQHandler
                0x080003b4                TIM1_TRG_COM_IRQHandler
                0x080003b4                DMA1_Channel1_IRQHandler
                0x080003b4                Default_Handler
                0x080003b4                EXTI15_10_IRQHandler
                0x080003b4                EXTI9_5_IRQHandler
                0x080003b4                SPI2_IRQHandler
                0x080003b4                MemManage_Handler
                0x080003b4                SVC_Handler
                0x080003b4                DMA1_Channel5_IRQHandler
                0x080003b4                EXTI4_IRQHandler
                0x080003b4                USB_LP_CAN1_RX0_IRQHandler
                0x080003b4                USB_HP_CAN1_TX_IRQHandler
                0x080003b4                DMA1_Channel3_IRQHandler
                0x080003b4                TIM1_UP_IRQHandler
                0x080003b4                WWDG_IRQHandler
                0x080003b4                TIM2_IRQHandler
                0x080003b4                TIM1_BRK_IRQHandler
                0x080003b4                EXTI1_IRQHandler
                0x080003b4                USART2_IRQHandler
                0x080003b4                I2C2_ER_IRQHandler
                0x080003b4                DMA1_Channel2_IRQHandler
                0x080003b4                CAN1_SCE_IRQHandler
                0x080003b4                FLASH_IRQHandler
                0x080003b4                BusFault_Handler
                0x080003b4                USART1_IRQHandler
                0x080003b4                I2C1_ER_IRQHandler
                0x080003b4                USBWakeUp_IRQHandler
 *(.text.*)
 *(.rodata)
 *(.rodata.*)
                0x080003bc                        . = ALIGN (0x4)

.glue_7         0x080003bc        0x0
 .glue_7        0x080003bc        0x0 linker stubs

.glue_7t        0x080003bc        0x0
 .glue_7t       0x080003bc        0x0 linker stubs

.vfp11_veneer   0x080003bc        0x0
 .vfp11_veneer  0x080003bc        0x0 linker stubs

.v4_bx          0x080003bc        0x0
 .v4_bx         0x080003bc        0x0 linker stubs

.iplt           0x080003bc        0x0
 .iplt          0x080003bc        0x0 source/main.o

.rel.dyn        0x080003bc        0x0
 .rel.iplt      0x080003bc        0x0 source/main.o

.data           0x20000000        0x0 load address 0x080003bc
                0x20000000                        _sdata = .
 *(.data)
 .data          0x20000000        0x0 source/main.o
 .data          0x20000000        0x0 source/GPIO_drivers.o
 .data          0x20000000        0x0 source/stm32f103_startup.o
 *(.data.*)
                0x20000000                        . = ALIGN (0x4)
                0x20000000                        _edata = .
                0x080003bc                        _sidata = LOADADDR (.data)

.igot.plt       0x20000000        0x0 load address 0x080003bc
 .igot.plt      0x20000000        0x0 source/main.o

.bss            0x20000000        0x0 load address 0x080003bc
                0x20000000                        _sbss = .
 *(.bss)
 .bss           0x20000000        0x0 source/main.o
 .bss           0x20000000        0x0 source/GPIO_drivers.o
 .bss           0x20000000        0x0 source/stm32f103_startup.o
 *(.bss.*)
                0x20000000                        . = ALIGN (0x4)
                0x20000000                        _ebss = .
OUTPUT(final.elf elf32-littlearm)
LOAD linker stubs

.comment        0x00000000       0x43
 .comment       0x00000000       0x43 source/main.o
                                 0x44 (size before relaxing)
 .comment       0x00000043       0x44 source/GPIO_drivers.o
 .comment       0x00000043       0x44 source/stm32f103_startup.o

.ARM.attributes
                0x00000000       0x2d
 .ARM.attributes
                0x00000000       0x2d source/main.o
 .ARM.attributes
                0x0000002d       0x2d source/GPIO_drivers.o
 .ARM.attributes
                0x0000005a       0x2d source/stm32f103_startup.o
